<html>
<body>
<pre>
<h1>µVision Build Log</h1>
<h2>Tool Versions:</h2>
IDE-Version: µVision V5.36.0.0
Copyright (C) 2021 ARM Ltd and ARM Germany GmbH. All rights reserved.
License Information: Yannis Peloutier, ENSEA, LIC=----
 
Tool Versions:
Toolchain:       MDK-Lite  Version: 5.36.0.0
Toolchain Path:  D:\Keil_v5\ARM\ARMCLANG\Bin
C Compiler:      ArmClang.exe V6.16
Assembler:       Armasm.exe V6.16
Linker/Locator:  ArmLink.exe V6.16
Library Manager: ArmAr.exe V6.16
Hex Converter:   FromElf.exe V6.16
CPU DLL:         SARMCM3.DLL V5.36.0.0
Dialog DLL:      DCM.DLL V1.17.3.0
Target DLL:      STLink\ST-LINKIII-KEIL_SWO.dll V3.0.9.0
Dialog DLL:      TCM.DLL V1.53.0.0
 
<h2>Project:</h2>
D:\OneDrive - ENSEA\1B\GPS\GPS.uvprojx
Project File Date:  05/10/2022

<h2>Output:</h2>
*** Using Compiler 'V6.16', folder: 'D:\Keil_v5\ARM\ARMCLANG\Bin'
Rebuild target 'Target 1'
Note: source file '.\DriverLCD.s' - object file renamed from '.\Objects\DriverLCD.o' to '.\Objects\driverlcd_1.o'.
Note: source file '.\DriverLCD.s' - object file renamed from '.\Objects\DriverLCD.o' to '.\Objects\driverlcd_1.o'.
principal.c(13): warning: 'return' will never be executed [-Wunreachable-code-return]
                 return 0;
                        ^
1 warning generated.
compiling principal.c...
assembling DriverLCD.s...
driverLCD.c(5): warning: no previous extern declaration for non-static variable 'retourne' [-Wmissing-variable-declarations]
const short int retourne[16]={0x0,0x8,0x4,0xC,0x2,0xA,0x6,0xE,0x1,0x9,0x5,0xD,0x3,0xB,0x7,0xF};
                ^
driverLCD.c(5): note: declare 'static' if the variable is not intended to be used outside of this translation unit
const short int retourne[16]={0x0,0x8,0x4,0xC,0x2,0xA,0x6,0xE,0x1,0x9,0x5,0xD,0x3,0xB,0x7,0xF};
      ^
driverLCD.c(6): warning: no previous extern declaration for non-static variable 'bar' [-Wmissing-variable-declarations]
const short int bar[6]={0x00,0x10,0x18,0x1C,0x1E,0x1F};
                ^
driverLCD.c(6): note: declare 'static' if the variable is not intended to be used outside of this translation unit
const short int bar[6]={0x00,0x10,0x18,0x1C,0x1E,0x1F};
      ^
driverLCD.c(7): warning: no previous extern declaration for non-static variable 'data' [-Wmissing-variable-declarations]
volatile char data[6]={0x33,0x32,0x28,0x0F,0x14,0x01};
              ^
driverLCD.c(7): note: declare 'static' if the variable is not intended to be used outside of this translation unit
volatile char data[6]={0x33,0x32,0x28,0x0F,0x14,0x01};
         ^
driverLCD.c(21): warning: declaration shadows a variable in the global scope [-Wshadow]
        int data[6]={0x33,0x32,0x28,0x0F,0x14,0x01};
            ^
driverLCD.c(7): note: previous declaration is here
volatile char data[6]={0x33,0x32,0x28,0x0F,0x14,0x01};
              ^
driverLCD.c(29): warning: declaration shadows a variable in the global scope [-Wshadow]
void write4bData(int data) {
                     ^
driverLCD.c(7): note: previous declaration is here
volatile char data[6]={0x33,0x32,0x28,0x0F,0x14,0x01};
              ^
driverLCD.c(31): warning: implicit conversion changes signedness: 'int' to 'unsigned int' [-Wsign-conversion]
        GPIOC->ODR=(GPIOC->ODR & 0xFFFFFFF0)|(data);
                                            ~ ^~~~
driverLCD.c(38): warning: implicit conversion changes signedness: 'int' to 'unsigned int' [-Wsign-conversion]
        GPIOC->ODR &=~(1<<10);
                   ~~^~~~~~~~
driverLCD.c(44): warning: implicit conversion changes signedness: 'int' to 'unsigned int' [-Wsign-conversion]
        GPIOC->ODR &=~(1<<12);
                   ~~^~~~~~~~
driverLCD.c(50): warning: implicit conversion changes signedness: 'int' to 'unsigned int' [-Wsign-conversion]
        GPIOC->ODR &=~(1<<11);
                   ~~^~~~~~~~
9 warnings generated.
compiling driverLCD.c...
compiling stm32f4xx_hal.c...
C:/Users/Yannis Peloutier/AppData/Local/Arm/Packs/Keil/STM32F4xx_DFP/2.16.0/Drivers/STM32F4xx_HAL_Driver/Src/stm32f4xx_hal_cortex.c(217): warning: function 'HAL_NVIC_SystemReset' could be declared with attribute 'noreturn' [-Wmissing-noreturn]
{
^
C:/Users/Yannis Peloutier/AppData/Local/Arm/Packs/Keil/STM32F4xx_DFP/2.16.0/Drivers/STM32F4xx_HAL_Driver/Src/stm32f4xx_hal_cortex.c(83): warning: In file included from...
C:/Users/Yannis Peloutier/AppData/Local/Arm/Packs/Keil/STM32F4xx_DFP/2.16.0/Drivers/STM32F4xx_HAL_Driver/Inc\stm32f4xx_hal.h(30): warning: In file included from...
./RTE/Device/STM32F407VGTx\stm32f4xx_hal_conf.h(399): warning: In file included from...
C:/Users/Yannis Peloutier/AppData/Local/Arm/Packs/Keil/STM32F4xx_DFP/2.16.0/Drivers/STM32F4xx_HAL_Driver/Inc\stm32f4xx_hal_cortex.h(54): warning: padding struct 'MPU_Region_InitTypeDef' with 2 bytes to align 'BaseAddress' [-Wpadded]
  uint32_t               BaseAddress;           /*!< Specifies the base address of the region to protect.                           */
                         ^
2 warnings generated.
compiling stm32f4xx_hal_cortex.c...
compiling stm32f4xx_hal_gpio.c...
C:/Users/Yannis Peloutier/AppData/Local/Arm/Packs/Keil/STM32F4xx_DFP/2.16.0/Drivers/STM32F4xx_HAL_Driver/Src/stm32f4xx_hal_pwr.c(381): warning: unused parameter 'Regulator' [-Wunused-parameter]
void HAL_PWR_EnterSLEEPMode(uint32_t Regulator, uint8_t SLEEPEntry)
                                     ^
1 warning generated.
compiling stm32f4xx_hal_pwr.c...
compiling stm32f4xx_hal_pwr_ex.c...
assembling startup_stm32f407xx.s...
compiling stm32f4xx_hal_rcc_ex.c...
compiling stm32f4xx_hal_rcc.c...
compiling system_stm32f4xx.c...
linking...
Program Size: Code=864 RO-data=428 RW-data=0 ZI-data=1632  
".\Objects\GPS.axf" - 0 Error(s), 13 Warning(s).

<h2>Software Packages used:</h2>

Package Vendor: ARM
                http://www.keil.com/pack/ARM.CMSIS.5.8.0.pack
                ARM.CMSIS.5.8.0
                CMSIS (Common Microcontroller Software Interface Standard)
   * Component: CORE Version: 5.5.0

Package Vendor: Keil
                http://www.keil.com/pack/Keil.STM32F4xx_DFP.2.16.0.pack
                Keil.STM32F4xx_DFP.2.16.0
                STMicroelectronics STM32F4 Series Device Support, Drivers and Examples
   * Component: STM32Cube Framework Version: 1.0.0
   * Component: Classic Version: 1.7.13
   * Component: Common Version: 1.7.13
   * Component: Cortex Version: 1.7.13
   * Component: GPIO Version: 1.7.13
   * Component: PWR Version: 1.7.13
   * Component: RCC Version: 1.7.13
   * Component: Startup Version: 2.6.3

<h2>Collection of Component include folders:</h2>
  .\RTE\Device\STM32F407VGTx
  .\RTE\_Target_1
  C:\Users\Yannis Peloutier\AppData\Local\Arm\Packs\ARM\CMSIS\5.8.0\CMSIS\Core\Include
  C:\Users\Yannis Peloutier\AppData\Local\Arm\Packs\Keil\STM32F4xx_DFP\2.16.0\Drivers\CMSIS\Device\ST\STM32F4xx\Include
  C:\Users\Yannis Peloutier\AppData\Local\Arm\Packs\Keil\STM32F4xx_DFP\2.16.0\Drivers\STM32F4xx_HAL_Driver\Inc

<h2>Collection of Component Files used:</h2>

   * Component: ::Device:STM32Cube Framework:1.0.0 (API)

   * Component: ARM::CMSIS:CORE:5.5.0

   * Component: Keil::Device:STM32Cube Framework:Classic:1.7.13
      Include file:  CMSIS\Driver\Config\RTE_Device.h
      Include file:  MDK\Templates\Inc\main.h
      Source file:   MDK\Templates\Src\stm32f4xx_it.c
      Source file:   MDK\Templates\Src\main.c
      Include file:  MDK\Templates_LL\Inc\main.h
      Source file:   MDK\Templates_LL\Src\main.c
      Include file:  MDK\Templates\Inc\stm32f4xx_it.h
      Include file:  MDK\Templates\Inc\stm32f4xx_hal_conf.h
      Source file:   MDK\Templates\Src\stm32f4xx_hal_msp.c

   * Component: Keil::Device:STM32Cube HAL:Common:1.7.13
      Source file:   Drivers\STM32F4xx_HAL_Driver\Src\stm32f4xx_hal.c
      Include file:  Drivers\STM32F4xx_HAL_Driver\Inc\stm32f4xx_hal.h

   * Component: Keil::Device:STM32Cube HAL:Cortex:1.7.13
      Source file:   Drivers\STM32F4xx_HAL_Driver\Src\stm32f4xx_hal_cortex.c

   * Component: Keil::Device:STM32Cube HAL:GPIO:1.7.13
      Source file:   Drivers\STM32F4xx_HAL_Driver\Src\stm32f4xx_hal_gpio.c

   * Component: Keil::Device:STM32Cube HAL:PWR:1.7.13
      Source file:   Drivers\STM32F4xx_HAL_Driver\Src\stm32f4xx_hal_pwr.c
      Source file:   Drivers\STM32F4xx_HAL_Driver\Src\stm32f4xx_hal_pwr_ex.c

   * Component: Keil::Device:STM32Cube HAL:RCC:1.7.13
      Source file:   Drivers\STM32F4xx_HAL_Driver\Src\stm32f4xx_hal_rcc_ex.c
      Source file:   Drivers\STM32F4xx_HAL_Driver\Src\stm32f4xx_hal_rcc.c

   * Component: Keil::Device:Startup:2.6.3
      Source file:   MDK\Device\Source\ARM\STM32F4xx_OTP.s
      Source file:   Drivers\CMSIS\Device\ST\STM32F4xx\Source\Templates\arm\startup_stm32f407xx.s
      Source file:   MDK\Device\Source\ARM\STM32F40xxx_41xxx_OPT.s
      Include file:  Drivers\CMSIS\Device\ST\STM32F4xx\Include\stm32f4xx.h
      Source file:   Drivers\CMSIS\Device\ST\STM32F4xx\Source\Templates\system_stm32f4xx.c
Build Time Elapsed:  00:00:02
</pre>
</body>
</html>
